# 12_external_api_consumption — live transcript 2026-09-03T09:30:05Z
# base=http://localhost:8000

# Third-party client using ONLY the public contract: discover tools → execute → read record → read trace → list executions.
> GET /v1/agent-tools   (auth=bearer)
< HTTP 200  4 ms
< {"strategy": "agent", "max_steps": 8, "tools": [{"name": "git_branches", "description": "List local branches.", "arguments": {}, "permission": "git.read", "risk_level": "low"}, {"name": "git_checkout", "description": "Checkout (optionally create) a branch (requires authorization).", "arguments": {"branch": "string", "create": "boolean (optional)", "authorization_id": "string (UUID of an Admin-issued authorization, exactly as given in the task; NEVER invent or guess one — omit the key when none was given and the platform will answer with the refusal)"}, "permission": "git.write", "risk_level": "medium"}, {"name": "git_commit", "description": "Stage and commit (requires authorization).", "arguments": {"message": "string", "add_all": "boolean (default true)", "authorization_id": "string (UUID of an Admin-issued authorization, exactly as given in the task; NEVER invent or guess one — omit the key when none was given and the platform will answer with the refusal)"}, "permission": "git.write", "risk_level": "medium"}, {"name": "git_compare", "description": "Diff between two refs (base...head).", "arguments": {"base": "string", "head": "string"}, "permission": "git.read", "risk_level": "low"}, {"name": "git_diff", "description": "Diff of the working tree (or against a ref / staged).", "arguments": {"ref": "string (optional)", "staged": "boolean (optional)"}, "permission": "git.read", "risk_level": "low"}, {"name": "git_log", "description": "Recent commits.", "arguments": {"limit": "integer (default 20, max 200)"}, "permission": "git.read", "risk_level": "low"}, {"name": "git_merge", "description": "Merge source into target branch; aborts on conflicts (requires authorization).", "arguments": {"source": "string", "into": "string", "authorization_id": "string (UUID of an Admin-issued authorization, exactly as given in the task; NEVER invent or guess one — omit the key when none was given and the platform will answer with the refusal)"}, "permission": "git.write", "risk_level": "high"}, {"name": "git_push", "description": "Push a branch to the configured remote (requires authorization).", "arguments": {"branch": "string", "authorization_id": "string (UUID of an Admin-issued authorization, exactly as given in the task; NEVER invent or guess one — omit the key when none was given and the platform will answer with the refusal)"}, "permission": "git.write", "risk_level": "high"}, {"name": "git_status", "description": "Branch, HEAD and working-tree status.", "arguments":  …[truncated 3672 chars]

> POST /v1/execute   (auth=bearer)
> {"ask": "List the workspace root with ws_list and answer with the file names.", "execution_policy": {"strategy": "agent"}, "tools": {"allowed": ["ws_list"]}}
< HTTP 502  100 ms
< {"error": {"code": "execution_failed", "message": "Execution failed: agent stopped (propose_failed).", "retryable": false, "details": {"execution_id": "472e199a-be3f-4fc0-8315-a34a45c5a6bb", "agent": {"stop_reason": "propose_failed", "node": "plan-2", "error": {"reason": "propose_failed", "detail": "ReasoningFailed: reasoning execution did not succeed (invalid_credential/organization_restricted)"}}}}}

> GET /v1/executions/472e199a-be3f-4fc0-8315-a34a45c5a6bb   (auth=bearer)
< HTTP 200  4 ms
< {"execution_id": "472e199a-be3f-4fc0-8315-a34a45c5a6bb", "status": "failed", "progress": {"current_stage": "plan-2", "percent": 100}, "error": {"code": "execution_failed", "message": "Execution failed: agent stopped (propose_failed).", "retryable": false, "details": {"execution_id": "472e199a-be3f-4fc0-8315-a34a45c5a6bb", "agent": {"stop_reason": "propose_failed", "node": "plan-2", "error": {"reason": "propose_failed", "detail": "ReasoningFailed: reasoning execution did not succeed (invalid_credential/organization_restricted)"}}}}}

> GET /v1/agent/executions/472e199a-be3f-4fc0-8315-a34a45c5a6bb/trace   (auth=bearer)
< HTTP 200  4 ms
< {"execution_id": "472e199a-be3f-4fc0-8315-a34a45c5a6bb", "status": "failed", "strategy": "agent", "created_at": "2026-09-03T09:30:05.370956Z", "completed_at": "2026-09-03T09:30:05.466219Z", "stages": [{"node_key": "plan-1", "status": "failed", "attempts": [], "error": {"reason": "propose_failed", "detail": "ReasoningFailed: reasoning execution did not succeed (invalid_credential/organization_restricted)"}}, {"node_key": "plan-2", "status": "failed", "attempts": [], "error": {"reason": "propose_failed", "detail": "ReasoningFailed: reasoning execution did not succeed (invalid_credential/organization_restricted)"}}], "as_recorded": true}

> GET /v1/executions?limit=3   (auth=bearer)
< HTTP 200  6 ms
< {"executions": [{"execution_id": "3750e402-673a-45ad-a6ef-fc1bd3123268", "status": "failed", "initiated_by": "9406a03d-e92c-46a3-9c7b-dddb8472b706", "created_at": "2026-09-03T09:30:05.420651+00:00", "progress": {"current_stage": "single", "percent": 100}}, {"execution_id": "05ae0b0b-f89a-4fe4-b0a8-05d44347c8f4", "status": "failed", "initiated_by": "9406a03d-e92c-46a3-9c7b-dddb8472b706", "created_at": "2026-09-03T09:30:05.371995+00:00", "progress": {"current_stage": "single", "percent": 100}}, {"execution_id": "472e199a-be3f-4fc0-8315-a34a45c5a6bb", "status": "failed", "initiated_by": "9406a03d-e92c-46a3-9c7b-dddb8472b706", "created_at": "2026-09-03T09:30:05.370956+00:00", "progress": {"current_stage": "plan-2", "percent": 100}}]}

VERDICT: FAIL — agent_tools=200 (20 tools) execute=502 record=200 trace=200 list=200
